test_delete_defaults_to_reversible_metadata_change (test_lifecycle_logging.LifecycleTests.test_delete_defaults_to_reversible_metadata_change) ... ok
test_failed_removal_does_not_report_success_or_mark_deleted (test_lifecycle_logging.LifecycleTests.test_failed_removal_does_not_report_success_or_mark_deleted) ... ok
test_forged_paths_and_ownership_are_rejected_without_removing_files (test_lifecycle_logging.LifecycleTests.test_forged_paths_and_ownership_are_rejected_without_removing_files) ... ok
test_junction_target_preflight_rejects_before_removal (test_lifecycle_logging.LifecycleTests.test_junction_target_preflight_rejects_before_removal) ... ok
test_linked_descendant_preflight_rejects_before_removal (test_lifecycle_logging.LifecycleTests.test_linked_descendant_preflight_rejects_before_removal) ... ok
test_log_rotation_and_no_duplicate_global_handlers (test_lifecycle_logging.LifecycleTests.test_log_rotation_and_no_duplicate_global_handlers) ... ok
test_logging_failure_does_not_fail_metadata_save (test_lifecycle_logging.LifecycleTests.test_logging_failure_does_not_fail_metadata_save) ... ok
test_logging_never_recreates_deleted_domain (test_lifecycle_logging.LifecycleTests.test_logging_never_recreates_deleted_domain) ... ok
test_permanent_delete_rejects_persisted_active_run (test_lifecycle_logging.LifecycleTests.test_permanent_delete_rejects_persisted_active_run) ... ok
test_permanent_project_delete_removes_all_tasks_and_preserves_sibling (test_lifecycle_logging.LifecycleTests.test_permanent_project_delete_removes_all_tasks_and_preserves_sibling) ... ok
test_permanent_requires_explicit_bool (test_lifecycle_logging.LifecycleTests.test_permanent_requires_explicit_bool) ... ok
test_permanent_task_delete_removes_descendants_preserves_sibling_and_parent_log (test_lifecycle_logging.LifecycleTests.test_permanent_task_delete_removes_descendants_preserves_sibling_and_parent_log) ... ok
test_secret_logs_do_not_contain_reference_or_value (test_lifecycle_logging.LifecycleTests.test_secret_logs_do_not_contain_reference_or_value) ... ok
test_each_domain_records_lifecycle_without_conversation_or_metadata (test_lifecycle_logging.RuntimeLifecycleTests.test_each_domain_records_lifecycle_without_conversation_or_metadata) ... Executing <Task pending name='ish-task-364c17558d914ba8b12d0ddf71105c71' coro=<RunManager._worker() running at D:\WorkSpace\ish\ish\services\runs.py:297> wait_for=<Task pending name='Task-4' coro=<RunManager._consume() running at D:\WorkSpace\ish\ish\services\runs.py:240> cb=[Task.task_wakeup()] created at D:\Programs\Python\Python313\Lib\asyncio\tasks.py:410> cb=[_wait.<locals>._on_completion() at D:\Programs\Python\Python313\Lib\asyncio\tasks.py:521] created at D:\Programs\Python\Python313\Lib\asyncio\tasks.py:410> took 0.111 seconds
ok
test_failed_and_interrupted_runs_have_terminal_domain_logs (test_lifecycle_logging.RuntimeLifecycleTests.test_failed_and_interrupted_runs_have_terminal_domain_logs) ... ok
test_queued_and_idle_attached_tasks_cannot_be_deleted_or_cloned (test_lifecycle_logging.RuntimeLifecycleTests.test_queued_and_idle_attached_tasks_cannot_be_deleted_or_cloned) ... ok
test_recovery_failure_releases_runtime_attachment (test_lifecycle_logging.RuntimeLifecycleTests.test_recovery_failure_releases_runtime_attachment) ... ok
test_second_manager_cannot_recover_an_attached_task (test_lifecycle_logging.RuntimeLifecycleTests.test_second_manager_cannot_recover_an_attached_task) ... ok
test_invalid_limits (test_loop.ConfigurationTests.test_invalid_limits) ... ok
test_schema_and_nonfinite_arguments_rejected (test_loop.ConfigurationTests.test_schema_and_nonfinite_arguments_rejected) ... ok
test_secrets_only_resolve_environment_references (test_loop.ConfigurationTests.test_secrets_only_resolve_environment_references) ... ok
test_cancel_during_completion_creation_closes_late_stream (test_loop.LoopTests.test_cancel_during_completion_creation_closes_late_stream) ... ok
test_duplicate_call_id_is_not_executed_twice (test_loop.LoopTests.test_duplicate_call_id_is_not_executed_twice) ... Executing <Task pending name='Task-50' coro=<RunManager._consume() running at D:\WorkSpace\ish\ish\services\runs.py:245> wait_for=<Future pending cb=[Task.task_wakeup()] created at D:\Programs\Python\Python313\Lib\asyncio\base_events.py:459> cb=[Task.task_wakeup()] created at D:\Programs\Python\Python313\Lib\asyncio\tasks.py:410> took 0.125 seconds
ok
test_fragmented_tool_calls_execute_and_feed_next_iteration (test_loop.LoopTests.test_fragmented_tool_calls_execute_and_feed_next_iteration) ... Executing <Task pending name='Task-62' coro=<RunManager._consume() running at D:\WorkSpace\ish\ish\services\runs.py:245> wait_for=<Future pending cb=[Task.task_wakeup()] created at D:\Programs\Python\Python313\Lib\asyncio\base_events.py:459> cb=[Task.task_wakeup()] created at D:\Programs\Python\Python313\Lib\asyncio\tasks.py:410> took 0.117 seconds
ok
test_interrupt_during_blocked_read_preserves_queue_and_drops_late_delta (test_loop.LoopTests.test_interrupt_during_blocked_read_preserves_queue_and_drops_late_delta) ... Executing <Task pending name='ish-task-ec721efcfea84468bb62dadbc0472a08' coro=<RunManager._worker() running at D:\WorkSpace\ish\ish\services\runs.py:297> wait_for=<Task pending name='Task-79' coro=<RunManager._consume() running at D:\WorkSpace\ish\ish\services\runs.py:240> cb=[Task.task_wakeup()] created at D:\Programs\Python\Python313\Lib\asyncio\tasks.py:410> created at D:\Programs\Python\Python313\Lib\asyncio\tasks.py:410> took 0.136 seconds
ok
test_invalid_batch_does_not_execute_even_first_valid_tool (test_loop.LoopTests.test_invalid_batch_does_not_execute_even_first_valid_tool) ... ok
test_loop_limit_prevents_unconsumable_tool_side_effects (test_loop.LoopTests.test_loop_limit_prevents_unconsumable_tool_side_effects) ... Executing <Task pending name='ish-task-5e8435be368a479bab6e5df17ef41ed0' coro=<RunManager._worker() running at D:\WorkSpace\ish\ish\services\runs.py:297> wait_for=<Task pending name='Task-100' coro=<RunManager._consume() running at D:\WorkSpace\ish\ish\services\runs.py:240> cb=[Task.task_wakeup()] created at D:\Programs\Python\Python313\Lib\asyncio\tasks.py:410> cb=[_wait.<locals>._on_completion() at D:\Programs\Python\Python313\Lib\asyncio\tasks.py:521] created at D:\Programs\Python\Python313\Lib\asyncio\tasks.py:410> took 0.116 seconds
ok
test_missing_credential_does_not_call_provider (test_loop.LoopTests.test_missing_credential_does_not_call_provider) ... ok
test_multiple_tool_calls_are_ordered_by_index (test_loop.LoopTests.test_multiple_tool_calls_are_ordered_by_index) ... Executing <Task pending name='Task-118' coro=<RunManager._consume() running at D:\WorkSpace\ish\ish\services\runs.py:245> wait_for=<Future pending cb=[Task.task_wakeup()] created at D:\Programs\Python\Python313\Lib\asyncio\base_events.py:459> cb=[Task.task_wakeup()] created at D:\Programs\Python\Python313\Lib\asyncio\tasks.py:410> took 0.204 seconds
ok
test_no_finish_reason_fails_instead_of_returning_partial_success (test_loop.LoopTests.test_no_finish_reason_fails_instead_of_returning_partial_success) ... Executing <Task pending name='ish-task-f4f31a6f805e4857b4936e23f1bafd48' coro=<RunManager._worker() running at D:\WorkSpace\ish\ish\services\runs.py:297> wait_for=<Task pending name='Task-130' coro=<RunManager._consume() running at D:\WorkSpace\ish\ish\services\runs.py:240> cb=[Task.task_wakeup()] created at D:\Programs\Python\Python313\Lib\asyncio\tasks.py:410> cb=[_wait.<locals>._on_completion() at D:\Programs\Python\Python313\Lib\asyncio\tasks.py:521] created at D:\Programs\Python\Python313\Lib\asyncio\tasks.py:410> took 0.101 seconds
ok
test_object_chunks_empty_content_and_usage_are_supported (test_loop.LoopTests.test_object_chunks_empty_content_and_usage_are_supported) ... ok
test_provider_failure_is_sanitized_and_queue_continues (test_loop.LoopTests.test_provider_failure_is_sanitized_and_queue_continues) ... Executing <Task pending name='ish-task-40df057623a34624bfd0061d621540e0' coro=<RunManager._worker() running at D:\WorkSpace\ish\ish\services\runs.py:297> wait_for=<Task pending name='Task-152' coro=<RunManager._consume() running at D:\WorkSpace\ish\ish\services\runs.py:240> cb=[Task.task_wakeup()] created at D:\Programs\Python\Python313\Lib\asyncio\tasks.py:410> cb=[_wait.<locals>._on_completion() at D:\Programs\Python\Python313\Lib\asyncio\tasks.py:521] created at D:\Programs\Python\Python313\Lib\asyncio\tasks.py:410> took 0.109 seconds
Executing <Task pending name='ish-task-40df057623a34624bfd0061d621540e0' coro=<RunManager._worker() running at D:\WorkSpace\ish\ish\services\runs.py:297> wait_for=<Task pending name='Task-155' coro=<RunManager._consume() running at D:\WorkSpace\ish\ish\services\runs.py:240> cb=[Task.task_wakeup()] created at D:\Programs\Python\Python313\Lib\asyncio\tasks.py:410> cb=[_wait.<locals>._on_completion() at D:\Programs\Python\Python313\Lib\asyncio\tasks.py:521] created at D:\Programs\Python\Python313\Lib\asyncio\tasks.py:410> took 0.105 seconds
Executing <Task finished name='Task-150' coro=<LoopTests.test_provider_failure_is_sanitized_and_queue_continues() done, defined at D:\WorkSpace\ish\tests\test_loop.py:224> result=None created at D:\Programs\Python\Python313\Lib\asyncio\runners.py:100> took 0.103 seconds
ok
test_real_litellm_sdk_with_mock_http_sse_and_tool_loop (test_loop.LoopTests.test_real_litellm_sdk_with_mock_http_sse_and_tool_loop) ... Executing <Task pending name='Task-163' coro=<RunManager._consume() running at D:\WorkSpace\ish\ish\services\runs.py:245> wait_for=<Future pending cb=[Task.task_wakeup()] created at D:\Programs\Python\Python313\Lib\asyncio\base_events.py:459> cb=[Task.task_wakeup()] created at D:\Programs\Python\Python313\Lib\asyncio\tasks.py:410> took 0.107 seconds
ok
test_real_time_deltas_and_request_configuration (test_loop.LoopTests.test_real_time_deltas_and_request_configuration) ... ok
test_request_timeout_stops_delivery (test_loop.LoopTests.test_request_timeout_stops_delivery) ... ok
test_token_limit_retains_last_delta_and_fails (test_loop.LoopTests.test_token_limit_retains_last_delta_and_fails) ... ok
test_tool_cancellation_keeps_worker_alive (test_loop.LoopTests.test_tool_cancellation_keeps_worker_alive) ... Executing <Task pending name='ish-taREDACTED' coro=<RunManager._worker() running at D:\WorkSpace\ish\ish\services\runs.py:297> wait_for=<Task pending name='Task-246' coro=<RunManager._consume() running at D:\WorkSpace\ish\ish\services\runs.py:240> cb=[Task.task_wakeup()] created at D:\Programs\Python\Python313\Lib\asyncio\tasks.py:410> created at D:\Programs\Python\Python313\Lib\asyncio\tasks.py:410> took 0.178 seconds
ok
test_tool_failure_is_not_retried_or_leaked (test_loop.LoopTests.test_tool_failure_is_not_retried_or_leaked) ... ok
test_tool_timeout_fails_without_next_llm_call (test_loop.LoopTests.test_tool_timeout_fails_without_next_llm_call) ... ok
test_two_tasks_stream_concurrently_on_separate_threads (test_loop.LoopTests.test_two_tasks_stream_concurrently_on_separate_threads) ... ok
test_unknown_tool_cannot_execute (test_loop.LoopTests.test_unknown_tool_cannot_execute) ... Executing <Task pending name='ish-taREDACTED' coro=<RunManager._worker() running at D:\WorkSpace\ish\ish\services\runs.py:297> wait_for=<Task pending name='Task-295' coro=<RunManager._consume() running at D:\WorkSpace\ish\ish\services\runs.py:240> cb=[Task.task_wakeup()] created at D:\Programs\Python\Python313\Lib\asyncio\tasks.py:410> cb=[_wait.<locals>._on_completion() at D:\Programs\Python\Python313\Lib\asyncio\tasks.py:521] created at D:\Programs\Python\Python313\Lib\asyncio\tasks.py:410> took 0.102 seconds
ok
test_bounded_buffer_and_consumer_close (test_loop.StreamBridgeTests.test_bounded_buffer_and_consumer_close) ... ok
test_active_task_lifecycle_changes_rejected_using_persisted_state (test_persistence.PersistenceTests.test_active_task_lifecycle_changes_rejected_using_persisted_state) ... ok
test_clone_copies_configuration_and_history_without_replaying_queue (test_persistence.PersistenceTests.test_clone_copies_configuration_and_history_without_replaying_queue) ... ok
test_conversation_replays_all_event_types_and_appends_deltas (test_persistence.PersistenceTests.test_conversation_replays_all_event_types_and_appends_deltas) ... ok
test_corrupt_complete_event_is_not_silently_discarded (test_persistence.PersistenceTests.test_corrupt_complete_event_is_not_silently_discarded) ... ok
test_domain_and_config_round_trip (test_persistence.PersistenceTests.test_domain_and_config_round_trip) ... ok
test_ids_cannot_escape_owned_roots (test_persistence.PersistenceTests.test_ids_cannot_escape_owned_roots) ... ok
test_incomplete_tail_survives_read_and_is_repaired_before_append (test_persistence.PersistenceTests.test_incomplete_tail_survives_read_and_is_repaired_before_append) ... ok
test_invalid_metadata_does_not_replace_valid_json (test_persistence.PersistenceTests.test_invalid_metadata_does_not_replace_valid_json) ... ok
test_soft_delete_restore_preserves_history (test_persistence.PersistenceTests.test_soft_delete_restore_preserves_history) ... ok
test_step_events_and_recovery (test_persistence.PersistenceTests.test_step_events_and_recovery) ... ok
test_all_metadata_repositories_round_trip_without_runtime_paths (test_repositories.RepositoryTests.test_all_metadata_repositories_round_trip_without_runtime_paths) ... ok
test_repositories_reject_wrong_id_or_parent (test_repositories.RepositoryTests.test_repositories_reject_wrong_id_or_parent) ... ok
test_run_manager_repository_injection_and_legacy_alias (test_repositories.RepositoryTests.test_run_manager_repository_injection_and_legacy_alias) ... ok
test_step_manager_lifecycle_uses_injected_repository_without_json (test_repositories.RepositoryTests.test_step_manager_lifecycle_uses_injected_repository_without_json) ... ok
test_step_repository_validates_paths_and_duplicate_identity (test_repositories.RepositoryTests.test_step_repository_validates_paths_and_duplicate_identity) ... ok
test_task_manager_lifecycle_uses_injected_repository_without_json (test_repositories.RepositoryTests.test_task_manager_lifecycle_uses_injected_repository_without_json) ... ok
test_task_repository_lists_filters_and_reloads (test_repositories.RepositoryTests.test_task_repository_lists_filters_and_reloads) ... ok
test_burst_queue_context_pairs_answers_with_prior_inputs (test_runtime.RuntimeTests.test_burst_queue_context_pairs_answers_with_prior_inputs) ... Executing <Task pending name='Task-311' coro=<RuntimeTests.test_burst_queue_context_pairs_answers_with_prior_inputs() running at D:\WorkSpace\ish\tests\test_runtime.py:92> wait_for=<Future pending cb=[Task.task_wakeup()] created at D:\Programs\Python\Python313\Lib\asyncio\base_events.py:459> cb=[_run_until_complete_cb() at D:\Programs\Python\Python313\Lib\asyncio\base_events.py:181] created at D:\Programs\Python\Python313\Lib\asyncio\runners.py:100> took 0.125 seconds
Executing <Task pending name='ish-taREDACTED' coro=<RunManager._worker() running at D:\WorkSpace\ish\ish\services\runs.py:297> wait_for=<Task pending name='Task-313' coro=<RunManager._consume() running at D:\WorkSpace\ish\ish\services\runs.py:240> cb=[Task.task_wakeup()] created at D:\Programs\Python\Python313\Lib\asyncio\tasks.py:410> cb=[_wait.<locals>._on_completion() at D:\Programs\Python\Python313\Lib\asyncio\tasks.py:521] created at D:\Programs\Python\Python313\Lib\asyncio\tasks.py:410> took 0.111 seconds
Executing <Task pending name='ish-taREDACTED' coro=<RunManager._worker() running at D:\WorkSpace\ish\ish\services\runs.py:297> wait_for=<Task pending name='Task-314' coro=<RunManager._consume() running at D:\WorkSpace\ish\ish\services\runs.py:240> cb=[Task.task_wakeup()] created at D:\Programs\Python\Python313\Lib\asyncio\tasks.py:410> cb=[_wait.<locals>._on_completion() at D:\Programs\Python\Python313\Lib\asyncio\tasks.py:521] created at D:\Programs\Python\Python313\Lib\asyncio\tasks.py:410> took 0.171 seconds
Executing <Task pending name='ish-taREDACTED' coro=<RunManager._worker() running at D:\WorkSpace\ish\ish\services\runs.py:297> wait_for=<Task pending name='Task-315' coro=<RunManager._consume() running at D:\WorkSpace\ish\ish\services\runs.py:240> cb=[Task.task_wakeup()] created at D:\Programs\Python\Python313\Lib\asyncio\tasks.py:410> cb=[_wait.<locals>._on_completion() at D:\Programs\Python\Python313\Lib\asyncio\tasks.py:521] created at D:\Programs\Python\Python313\Lib\asyncio\tasks.py:410> took 0.183 seconds
Executing <Task pending name='Task-315' coro=<RunManager._consume() running at D:\WorkSpace\ish\ish\services\runs.py:245> cb=[Task.task_wakeup()] created at D:\Programs\Python\Python313\Lib\asyncio\tasks.py:410> took 0.103 seconds
ok
test_cancel_before_engine_first_instruction_finalizes_run (test_runtime.RuntimeTests.test_cancel_before_engine_first_instruction_finalizes_run) ... Executing <Task pending name='ish-taREDACTED' coro=<RunManager._worker() running at D:\WorkSpace\ish\ish\services\runs.py:297> wait_for=<Task pending name='Task-322' coro=<RunManager._consume() running at D:\WorkSpace\ish\ish\services\runs.py:240> cb=[Task.task_wakeup()] created at D:\Programs\Python\Python313\Lib\asyncio\tasks.py:410> created at D:\Programs\Python\Python313\Lib\asyncio\tasks.py:410> took 0.116 seconds
ok
test_cloned_burst_history_preserves_turn_order (test_runtime.RuntimeTests.test_cloned_burst_history_preserves_turn_order) ... Executing <Task pending name='ish-taREDACTED' coro=<RunManager._worker() running at D:\WorkSpace\ish\ish\services\runs.py:297> wait_for=<Task pending name='Task-331' coro=<RunManager._consume() running at D:\WorkSpace\ish\ish\services\runs.py:240> cb=[Task.task_wakeup()] created at D:\Programs\Python\Python313\Lib\asyncio\tasks.py:410> cb=[_wait.<locals>._on_completion() at D:\Programs\Python\Python313\Lib\asyncio\tasks.py:521] created at D:\Programs\Python\Python313\Lib\asyncio\tasks.py:410> took 0.107 seconds
Executing <Task pending name='ish-taREDACTED' coro=<RunManager._worker() running at D:\WorkSpace\ish\ish\services\runs.py:297> wait_for=<Task pending name='Task-332' coro=<RunManager._consume() running at D:\WorkSpace\ish\ish\services\runs.py:240> cb=[Task.task_wakeup()] created at D:\Programs\Python\Python313\Lib\asyncio\tasks.py:410> cb=[_wait.<locals>._on_completion() at D:\Programs\Python\Python313\Lib\asyncio\tasks.py:521] created at D:\Programs\Python\Python313\Lib\asyncio\tasks.py:410> took 0.150 seconds
Executing <Task pending name='Task-329' coro=<RuntimeTests.test_cloned_burst_history_preserves_turn_order() running at D:\WorkSpace\ish\tests\test_runtime.py:394> wait_for=<Future pending cb=[Task.task_wakeup()] created at D:\Programs\Python\Python313\Lib\asyncio\base_events.py:459> cb=[_run_until_complete_cb() at D:\Programs\Python\Python313\Lib\asyncio\base_events.py:181] created at D:\Programs\Python\Python313\Lib\asyncio\runners.py:100> took 0.296 seconds
Executing <Task pending name='ish-taREDACTED' coro=<RunManager._worker() running at D:\WorkSpace\ish\ish\services\runs.py:297> wait_for=<Task pending name='Task-334' coro=<RunManager._consume() running at D:\WorkSpace\ish\ish\services\runs.py:240> cb=[Task.task_wakeup()] created at D:\Programs\Python\Python313\Lib\asyncio\tasks.py:410> cb=[_wait.<locals>._on_completion() at D:\Programs\Python\Python313\Lib\asyncio\tasks.py:521] created at D:\Programs\Python\Python313\Lib\asyncio\tasks.py:410> took 0.144 seconds
ok
test_crash_between_run_creation_and_commit_does_not_replay_claimed_input (test_runtime.RuntimeTests.test_crash_between_run_creation_and_commit_does_not_replay_claimed_input) ... Executing <Task pending name='Task-341' coro=<RuntimeTests.test_crash_between_run_creation_and_commit_does_not_replay_claimed_input() running at D:\WorkSpace\ish\tests\test_runtime.py:250> wait_for=<Future pending cb=[Task.task_wakeup()] created at D:\Programs\Python\Python313\Lib\asyncio\base_events.py:459> cb=[_run_until_complete_cb() at D:\Programs\Python\Python313\Lib\asyncio\base_events.py:181] created at D:\Programs\Python\Python313\Lib\asyncio\runners.py:100> took 0.199 seconds
ok
test_deleted_task_and_wrong_project_are_rejected (test_runtime.RuntimeTests.test_deleted_task_and_wrong_project_are_rejected) ... Executing <Task finished name='Task-351' coro=<RuntimeTests.test_deleted_task_and_wrong_project_are_rejected() done, defined at D:\WorkSpace\ish\tests\test_runtime.py:347> result=None created at D:\Programs\Python\Python313\Lib\asyncio\runners.py:100> took 0.118 seconds
ok
test_empty_response_and_failure_before_first_delta (test_runtime.RuntimeTests.test_empty_response_and_failure_before_first_delta) ... Executing <Task pending name='ish-taREDACTED' coro=<RunManager._worker() running at D:\WorkSpace\ish\ish\services\runs.py:297> wait_for=<Task pending name='Task-359' coro=<RunManager._consume() running at D:\WorkSpace\ish\ish\services\runs.py:240> cb=[Task.task_wakeup()] created at D:\Programs\Python\Python313\Lib\asyncio\tasks.py:410> cb=[_wait.<locals>._on_completion() at D:\Programs\Python\Python313\Lib\asyncio\tasks.py:521] created at D:\Programs\Python\Python313\Lib\asyncio\tasks.py:410> took 0.112 seconds
Executing <Task finished name='Task-359' coro=<RunManager._consume() done, defined at D:\WorkSpace\ish\ish\services\runs.py:240> result=None created at D:\Programs\Python\Python313\Lib\asyncio\tasks.py:410> took 0.109 seconds
Executing <Task pending name='ish-taREDACTED' coro=<RunManager._worker() running at D:\WorkSpace\ish\ish\services\runs.py:297> wait_for=<Task pending name='Task-360' coro=<RunManager._consume() running at D:\WorkSpace\ish\ish\services\runs.py:240> cb=[Task.task_wakeup()] created at D:\Programs\Python\Python313\Lib\asyncio\tasks.py:410> cb=[_wait.<locals>._on_completion() at D:\Programs\Python\Python313\Lib\asyncio\tasks.py:521] created at D:\Programs\Python\Python313\Lib\asyncio\tasks.py:410> took 0.146 seconds
ok
test_engine_failure_preserves_partial_text_and_processes_next_request (test_runtime.RuntimeTests.test_engine_failure_preserves_partial_text_and_processes_next_request) ... Executing <Task pending name='ish-taREDACTED' coro=<RunManager._worker() running at D:\WorkSpace\ish\ish\services\runs.py:297> wait_for=<Task pending name='Task-369' coro=<RunManager._consume() running at D:\WorkSpace\ish\ish\services\runs.py:240> cb=[Task.task_wakeup()] created at D:\Programs\Python\Python313\Lib\asyncio\tasks.py:410> cb=[_wait.<locals>._on_completion() at D:\Programs\Python\Python313\Lib\asyncio\tasks.py:521] created at D:\Programs\Python\Python313\Lib\asyncio\tasks.py:410> took 0.170 seconds
ok
test_engine_overrides_are_durable (test_runtime.RuntimeTests.test_engine_overrides_are_durable) ... Executing <Task pending name='ish-taREDACTED' coro=<RunManager._worker() running at D:\WorkSpace\ish\ish\services\runs.py:297> wait_for=<Task pending name='Task-378' coro=<RunManager._consume() running at D:\WorkSpace\ish\ish\services\runs.py:240> cb=[Task.task_wakeup()] created at D:\Programs\Python\Python313\Lib\asyncio\tasks.py:410> cb=[_wait.<locals>._on_completion() at D:\Programs\Python\Python313\Lib\asyncio\tasks.py:521] created at D:\Programs\Python\Python313\Lib\asyncio\tasks.py:410> took 0.141 seconds
ok
test_engine_receives_snapshot_not_mutable_service_state (test_runtime.RuntimeTests.test_engine_receives_snapshot_not_mutable_service_state) ... ok
test_independent_tasks_really_run_concurrently (test_runtime.RuntimeTests.test_independent_tasks_really_run_concurrently) ... Executing <Task pending name='Task-392' coro=<RuntimeTests.test_independent_tasks_really_run_concurrently() running at D:\WorkSpace\ish\tests\test_runtime.py:139> wait_for=<Future pending cb=[Task.task_wakeup()] created at D:\Programs\Python\Python313\Lib\asyncio\base_events.py:459> cb=[_run_until_complete_cb() at D:\Programs\Python\Python313\Lib\asyncio\base_events.py:181] created at D:\Programs\Python\Python313\Lib\asyncio\runners.py:100> took 0.111 seconds
ok
test_interrupt_preserves_queue_and_worker_continues (test_runtime.RuntimeTests.test_interrupt_preserves_queue_and_worker_continues) ... Executing <Task pending name='ish-taREDACTED' coro=<RunManager._worker() running at D:\WorkSpace\ish\ish\services\runs.py:297> wait_for=<Task pending name='Task-406' coro=<RunManager._consume() running at D:\WorkSpace\ish\ish\services\runs.py:240> cb=[Task.task_wakeup()] created at D:\Programs\Python\Python313\Lib\asyncio\tasks.py:410> created at D:\Programs\Python\Python313\Lib\asyncio\tasks.py:410> took 0.194 seconds
Executing <Task pending name='Task-404' coro=<RuntimeTests.test_interrupt_preserves_queue_and_worker_continues() running at D:\WorkSpace\ish\tests\test_runtime.py:115> wait_for=<Future pending cb=[Task.task_wakeup()] created at D:\Programs\Python\Python313\Lib\asyncio\base_events.py:459> cb=[_run_until_complete_cb() at D:\Programs\Python\Python313\Lib\asyncio\base_events.py:181] created at D:\Programs\Python\Python313\Lib\asyncio\runners.py:100> took 0.102 seconds
Executing <Task pending name='ish-taREDACTED' coro=<RunManager._worker() running at D:\WorkSpace\ish\ish\services\runs.py:297> wait_for=<Task pending name='Task-408' coro=<RunManager._consume() running at D:\WorkSpace\ish\ish\services\runs.py:240> cb=[Task.task_wakeup()] created at D:\Programs\Python\Python313\Lib\asyncio\tasks.py:410> cb=[_wait.<locals>._on_completion() at D:\Programs\Python\Python313\Lib\asyncio\tasks.py:521] created at D:\Programs\Python\Python313\Lib\asyncio\tasks.py:410> took 0.150 seconds
ok
test_plain_async_iterator_engine_is_supported (test_runtime.RuntimeTests.test_plain_async_iterator_engine_is_supported) ... ok
test_provider_error_text_and_objects_are_not_persisted (test_runtime.RuntimeTests.test_provider_error_text_and_objects_are_not_persisted) ... Executing <Task pending name='ish-taREDACTED' coro=<RunManager._worker() running at D:\WorkSpace\ish\ish\services\runs.py:297> wait_for=<Task pending name='Task-424' coro=<RunManager._consume() running at D:\WorkSpace\ish\ish\services\runs.py:240> cb=[Task.task_wakeup()] created at D:\Programs\Python\Python313\Lib\asyncio\tasks.py:410> cb=[_wait.<locals>._on_completion() at D:\Programs\Python\Python313\Lib\asyncio\tasks.py:521] created at D:\Programs\Python\Python313\Lib\asyncio\tasks.py:410> took 0.125 seconds
ok
test_real_process_restart_preserves_partial_output_and_queued_input (test_runtime.RuntimeTests.test_real_process_restart_preserves_partial_output_and_queued_input) ... Executing <Task pending name='Task-430' coro=<RuntimeTests.test_real_process_restart_preserves_partial_output_and_queued_input() running at D:\WorkSpace\ish\tests\test_runtime.py:295> wait_for=<Future pending cb=[Task.task_wakeup()] created at D:\Programs\Python\Python313\Lib\asyncio\base_events.py:459> cb=[_run_until_complete_cb() at D:\Programs\Python\Python313\Lib\asyncio\base_events.py:181] created at D:\Programs\Python\Python313\Lib\asyncio\runners.py:100> took 0.145 seconds
ok
test_recovery_interrupts_stale_runs_steps_and_orphan_streams (test_runtime.RuntimeTests.test_recovery_interrupts_stale_runs_steps_and_orphan_streams) ... Executing <Task pending name='Task-438' coro=<RuntimeTests.test_recovery_interrupts_stale_runs_steps_and_orphan_streams() running at D:\WorkSpace\ish\tests\test_runtime.py:231> wait_for=<Future pending cb=[Task.task_wakeup()] created at D:\Programs\Python\Python313\Lib\asyncio\base_events.py:459> cb=[_run_until_complete_cb() at D:\Programs\Python\Python313\Lib\asyncio\base_events.py:181] created at D:\Programs\Python\Python313\Lib\asyncio\runners.py:100> took 0.830 seconds
Executing <Task finished name='Task-438' coro=<RuntimeTests.test_recovery_interrupts_stale_runs_steps_and_orphan_streams() done, defined at D:\WorkSpace\ish\tests\test_runtime.py:209> result=None created at D:\Programs\Python\Python313\Lib\asyncio\runners.py:100> took 0.179 seconds
ok
test_shutdown_before_worker_starts_keeps_all_requests_queued (test_runtime.RuntimeTests.test_shutdown_before_worker_starts_keeps_all_requests_queued) ... ok
test_shutdown_preserves_queue_for_new_manager (test_runtime.RuntimeTests.test_shutdown_preserves_queue_for_new_manager) ... Executing <Task pending name='Task-455' coro=<RuntimeTests.test_shutdown_preserves_queue_for_new_manager() running at D:\WorkSpace\ish\tests\test_runtime.py:196> wait_for=<Future pending cb=[Task.task_wakeup()] created at D:\Programs\Python\Python313\Lib\asyncio\base_events.py:459> cb=[_run_until_complete_cb() at D:\Programs\Python\Python313\Lib\asyncio\base_events.py:181] created at D:\Programs\Python\Python313\Lib\asyncio\runners.py:100> took 0.111 seconds
ok
test_single_request_is_durable_before_execution (test_runtime.RuntimeTests.test_single_request_is_durable_before_execution) ... ok
test_streaming_and_second_input_remains_queued (test_runtime.RuntimeTests.test_streaming_and_second_input_remains_queued) ... Executing <Task pending name='ish-taREDACTED' coro=<RunManager._worker() running at D:\WorkSpace\ish\ish\services\runs.py:297> wait_for=<Task pending name='Task-476' coro=<RunManager._consume() running at D:\WorkSpace\ish\ish\services\runs.py:240> cb=[Task.task_wakeup()] created at D:\Programs\Python\Python313\Lib\asyncio\tasks.py:410> cb=[_wait.<locals>._on_completion() at D:\Programs\Python\Python313\Lib\asyncio\tasks.py:521] created at D:\Programs\Python\Python313\Lib\asyncio\tasks.py:410> took 0.138 seconds
ok
test_unfinished_step_fails_run_and_closes_generator (test_runtime.RuntimeTests.test_unfinished_step_fails_run_and_closes_generator) ... Executing <Task pending name='ish-taREDACTED' coro=<RunManager._worker() running at D:\WorkSpace\ish\ish\services\runs.py:297> wait_for=<Task pending name='Task-484' coro=<RunManager._consume() running at D:\WorkSpace\ish\ish\services\runs.py:240> cb=[Task.task_wakeup()] created at D:\Programs\Python\Python313\Lib\asyncio\tasks.py:410> cb=[_wait.<locals>._on_completion() at D:\Programs\Python\Python313\Lib\asyncio\tasks.py:521] created at D:\Programs\Python\Python313\Lib\asyncio\tasks.py:410> took 0.103 seconds
Executing <Task pending name='ish-taREDACTED' coro=<RunManager._worker() running at D:\WorkSpace\ish\ish\services\runs.py:282> wait_for=<Future pending cb=[Task.task_wakeup()] created at D:\Programs\Python\Python313\Lib\asyncio\base_events.py:459> cb=[_wait.<locals>._on_completion() at D:\Programs\Python\Python313\Lib\asyncio\tasks.py:521] created at D:\Programs\Python\Python313\Lib\asyncio\tasks.py:410> took 0.127 seconds
ok
test_unknown_engine_fails_one_run_without_dropping_queue (test_runtime.RuntimeTests.test_unknown_engine_fails_one_run_without_dropping_queue) ... Executing <Task pending name='ish-taREDACTED' coro=<RunManager._worker() running at D:\WorkSpace\ish\ish\services\runs.py:297> wait_for=<Task pending name='Task-493' coro=<RunManager._consume() running at D:\WorkSpace\ish\ish\services\runs.py:240> cb=[Task.task_wakeup()] created at D:\Programs\Python\Python313\Lib\asyncio\tasks.py:410> cb=[_wait.<locals>._on_completion() at D:\Programs\Python\Python313\Lib\asyncio\tasks.py:521] created at D:\Programs\Python\Python313\Lib\asyncio\tasks.py:410> took 0.129 seconds
ok
test_wait_idle_during_shutdown_does_not_hang_on_preserved_queue (test_runtime.RuntimeTests.test_wait_idle_during_shutdown_does_not_hang_on_preserved_queue) ... Executing <Task finished name='ish-taREDACTED' coro=<RunManager._worker() done, defined at D:\WorkSpace\ish\ish\services\runs.py:280> result=None created at D:\Programs\Python\Python313\Lib\asyncio\tasks.py:410> took 0.120 seconds
ok

----------------------------------------------------------------------
Ran 81 tests in 47.356s

OK
